Archive member included to satisfy reference by file (symbol)

C:/ST/STM32CubeIDE_1.15.1/STM32CubeIDE/plugins/com.st.stm32cube.ide.mcu.externaltools.gnu-tools-for-stm32.12.3.rel1.win32_1.0.100.202403111256/tools/bin/../lib/gcc/arm-none-eabi/12.3.1/../../../../arm-none-eabi/lib/thumb/v7e-m+fp/hard\libc_nano.a(libc_a-exit.o)
                              C:/ST/STM32CubeIDE_1.15.1/STM32CubeIDE/plugins/com.st.stm32cube.ide.mcu.externaltools.gnu-tools-for-stm32.12.3.rel1.win32_1.0.100.202403111256/tools/bin/../lib/gcc/arm-none-eabi/12.3.1/../../../../arm-none-eabi/lib/thumb/v7e-m+fp/hard/crt0.o (exit)
C:/ST/STM32CubeIDE_1.15.1/STM32CubeIDE/plugins/com.st.stm32cube.ide.mcu.externaltools.gnu-tools-for-stm32.12.3.rel1.win32_1.0.100.202403111256/tools/bin/../lib/gcc/arm-none-eabi/12.3.1/../../../../arm-none-eabi/lib/thumb/v7e-m+fp/hard\libc_nano.a(libc_a-findfp.o)
                              C:/ST/STM32CubeIDE_1.15.1/STM32CubeIDE/plugins/com.st.stm32cube.ide.mcu.externaltools.gnu-tools-for-stm32.12.3.rel1.win32_1.0.100.202403111256/tools/bin/../lib/gcc/arm-none-eabi/12.3.1/../../../../arm-none-eabi/lib/thumb/v7e-m+fp/hard\libc_nano.a(libc_a-exit.o) (__stdio_exit_handler)
C:/ST/STM32CubeIDE_1.15.1/STM32CubeIDE/plugins/com.st.stm32cube.ide.mcu.externaltools.gnu-tools-for-stm32.12.3.rel1.win32_1.0.100.202403111256/tools/bin/../lib/gcc/arm-none-eabi/12.3.1/../../../../arm-none-eabi/lib/thumb/v7e-m+fp/hard\libc_nano.a(libc_a-fwalk.o)
                              C:/ST/STM32CubeIDE_1.15.1/STM32CubeIDE/plugins/com.st.stm32cube.ide.mcu.externaltools.gnu-tools-for-stm32.12.3.rel1.win32_1.0.100.202403111256/tools/bin/../lib/gcc/arm-none-eabi/12.3.1/../../../../arm-none-eabi/lib/thumb/v7e-m+fp/hard\libc_nano.a(libc_a-findfp.o) (_fwalk_sglue)
C:/ST/STM32CubeIDE_1.15.1/STM32CubeIDE/plugins/com.st.stm32cube.ide.mcu.externaltools.gnu-tools-for-stm32.12.3.rel1.win32_1.0.100.202403111256/tools/bin/../lib/gcc/arm-none-eabi/12.3.1/../../../../arm-none-eabi/lib/thumb/v7e-m+fp/hard\libc_nano.a(libc_a-stdio.o)
                              C:/ST/STM32CubeIDE_1.15.1/STM32CubeIDE/plugins/com.st.stm32cube.ide.mcu.externaltools.gnu-tools-for-stm32.12.3.rel1.win32_1.0.100.202403111256/tools/bin/../lib/gcc/arm-none-eabi/12.3.1/../../../../arm-none-eabi/lib/thumb/v7e-m+fp/hard\libc_nano.a(libc_a-findfp.o) (__sread)
C:/ST/STM32CubeIDE_1.15.1/STM32CubeIDE/plugins/com.st.stm32cube.ide.mcu.externaltools.gnu-tools-for-stm32.12.3.rel1.win32_1.0.100.202403111256/tools/bin/../lib/gcc/arm-none-eabi/12.3.1/../../../../arm-none-eabi/lib/thumb/v7e-m+fp/hard\libc_nano.a(libc_a-memset.o)
                              C:/ST/STM32CubeIDE_1.15.1/STM32CubeIDE/plugins/com.st.stm32cube.ide.mcu.externaltools.gnu-tools-for-stm32.12.3.rel1.win32_1.0.100.202403111256/tools/bin/../lib/gcc/arm-none-eabi/12.3.1/../../../../arm-none-eabi/lib/thumb/v7e-m+fp/hard/crt0.o (memset)
C:/ST/STM32CubeIDE_1.15.1/STM32CubeIDE/plugins/com.st.stm32cube.ide.mcu.externaltools.gnu-tools-for-stm32.12.3.rel1.win32_1.0.100.202403111256/tools/bin/../lib/gcc/arm-none-eabi/12.3.1/../../../../arm-none-eabi/lib/thumb/v7e-m+fp/hard\libc_nano.a(libc_a-closer.o)
                              C:/ST/STM32CubeIDE_1.15.1/STM32CubeIDE/plugins/com.st.stm32cube.ide.mcu.externaltools.gnu-tools-for-stm32.12.3.rel1.win32_1.0.100.202403111256/tools/bin/../lib/gcc/arm-none-eabi/12.3.1/../../../../arm-none-eabi/lib/thumb/v7e-m+fp/hard\libc_nano.a(libc_a-stdio.o) (_close_r)
C:/ST/STM32CubeIDE_1.15.1/STM32CubeIDE/plugins/com.st.stm32cube.ide.mcu.externaltools.gnu-tools-for-stm32.12.3.rel1.win32_1.0.100.202403111256/tools/bin/../lib/gcc/arm-none-eabi/12.3.1/../../../../arm-none-eabi/lib/thumb/v7e-m+fp/hard\libc_nano.a(libc_a-reent.o)
                              C:/ST/STM32CubeIDE_1.15.1/STM32CubeIDE/plugins/com.st.stm32cube.ide.mcu.externaltools.gnu-tools-for-stm32.12.3.rel1.win32_1.0.100.202403111256/tools/bin/../lib/gcc/arm-none-eabi/12.3.1/../../../../arm-none-eabi/lib/thumb/v7e-m+fp/hard\libc_nano.a(libc_a-closer.o) (errno)
C:/ST/STM32CubeIDE_1.15.1/STM32CubeIDE/plugins/com.st.stm32cube.ide.mcu.externaltools.gnu-tools-for-stm32.12.3.rel1.win32_1.0.100.202403111256/tools/bin/../lib/gcc/arm-none-eabi/12.3.1/../../../../arm-none-eabi/lib/thumb/v7e-m+fp/hard\libc_nano.a(libc_a-impure.o)
                              C:/ST/STM32CubeIDE_1.15.1/STM32CubeIDE/plugins/com.st.stm32cube.ide.mcu.externaltools.gnu-tools-for-stm32.12.3.rel1.win32_1.0.100.202403111256/tools/bin/../lib/gcc/arm-none-eabi/12.3.1/../../../../arm-none-eabi/lib/thumb/v7e-m+fp/hard\libc_nano.a(libc_a-reent.o) (_impure_ptr)
C:/ST/STM32CubeIDE_1.15.1/STM32CubeIDE/plugins/com.st.stm32cube.ide.mcu.externaltools.gnu-tools-for-stm32.12.3.rel1.win32_1.0.100.202403111256/tools/bin/../lib/gcc/arm-none-eabi/12.3.1/../../../../arm-none-eabi/lib/thumb/v7e-m+fp/hard\libc_nano.a(libc_a-lseekr.o)
[...]
Memory Configuration

Name             Origin             Length             Attributes
RAM              0x20000000         0x00020000         xrw
FLASH            0x08000000         0x00080000         xr
*default*        0x00000000         0xffffffff

Linker script and memory map

LOAD C:/ST/STM32CubeIDE_1.15.1/STM32CubeIDE/plugins/com.st.stm32cube.ide.mcu.externaltools.gnu-tools-for-stm32.12.3.rel1.win32_1.0.100.202403111256/tools/bin/../lib/gcc/arm-none-eabi/12.3.1/thumb/v7e-m+fp/hard/crti.o
LOAD C:/ST/STM32CubeIDE_1.15.1/STM32CubeIDE/plugins/com.st.stm32cube.ide.mcu.externaltools.gnu-tools-for-stm32.12.3.rel1.win32_1.0.100.202403111256/tools/bin/../lib/gcc/arm-none-eabi/12.3.1/thumb/v7e-m+fp/hard/crtbegin.o
LOAD C:/ST/STM32CubeIDE_1.15.1/STM32CubeIDE/plugins/com.st.stm32cube.ide.mcu.externaltools.gnu-tools-for-stm32.12.3.rel1.win32_1.0.100.202403111256/tools/bin/../lib/gcc/arm-none-eabi/12.3.1/../../../../arm-none-eabi/lib/thumb/v7e-m+fp/hard/crt0.o
LOAD ./Src/gpio.o
LOAD ./Src/main.o
LOAD ./Src/syscalls.o
LOAD ./Src/sysmem.o
LOAD ./Src/tim.o
LOAD ./Startup/startup_stm32f411retx.o
START GROUP
LOAD C:/ST/STM32CubeIDE_1.15.1/STM32CubeIDE/plugins/com.st.stm32cube.ide.mcu.externaltools.gnu-tools-for-stm32.12.3.rel1.win32_1.0.100.202403111256/tools/bin/../lib/gcc/arm-none-eabi/12.3.1/../../../../arm-none-eabi/lib/thumb/v7e-m+fp/hard\libc_nano.a
LOAD C:/ST/STM32CubeIDE_1.15.1/STM32CubeIDE/plugins/com.st.stm32cube.ide.mcu.externaltools.gnu-tools-for-stm32.12.3.rel1.win32_1.0.100.202403111256/tools/bin/../lib/gcc/arm-none-eabi/12.3.1/../../../../arm-none-eabi/lib/thumb/v7e-m+fp/hard\libm.a
END GROUP
START GROUP
LOAD C:/ST/STM32CubeIDE_1.15.1/STM32CubeIDE/plugins/com.st.stm32cube.ide.mcu.externaltools.gnu-tools-for-stm32.12.3.rel1.win32_1.0.100.202403111256/tools/bin/../lib/gcc/arm-none-eabi/12.3.1/thumb/v7e-m+fp/hard\libgcc.a
LOAD C:/ST/STM32CubeIDE_1.15.1/STM32CubeIDE/plugins/com.st.stm32cube.ide.mcu.externaltools.gnu-tools-for-stm32.12.3.rel1.win32_1.0.100.202403111256/tools/bin/../lib/gcc/arm-none-eabi/12.3.1/../../../../arm-none-eabi/lib/thumb/v7e-m+fp/hard\libc_nano.a
END GROUP
START GROUP
LOAD C:/ST/STM32CubeIDE_1.15.1/STM32CubeIDE/plugins/com.st.stm32cube.ide.mcu.externaltools.gnu-tools-for-stm32.12.3.rel1.win32_1.0.100.202403111256/tools/bin/../lib/gcc/arm-none-eabi/12.3.1/thumb/v7e-m+fp/hard\libgcc.a
LOAD C:/ST/STM32CubeIDE_1.15.1/STM32CubeIDE/plugins/com.st.stm32cube.ide.mcu.externaltools.gnu-tools-for-stm32.12.3.rel1.win32_1.0.100.202403111256/tools/bin/../lib/gcc/arm-none-eabi/12.3.1/../../../../arm-none-eabi/lib/thumb/v7e-m+fp/hard\libc_nano.a
LOAD C:/ST/STM32CubeIDE_1.15.1/STM32CubeIDE/plugins/com.st.stm32cube.ide.mcu.externaltools.gnu-tools-for-stm32.12.3.rel1.win32_1.0.100.202403111256/tools/bin/../lib/gcc/arm-none-eabi/12.3.1/../../../../arm-none-eabi/lib/thumb/v7e-m+fp/hard\libnosys.a
END GROUP
START GROUP
LOAD C:/ST/STM32CubeIDE_1.15.1/STM32CubeIDE/plugins/com.st.stm32cube.ide.mcu.externaltools.gnu-tools-for-stm32.12.3.rel1.win32_1.0.100.202403111256/tools/bin/../lib/gcc/arm-none-eabi/12.3.1/thumb/v7e-m+fp/hard\libgcc.a
LOAD C:/ST/STM32CubeIDE_1.15.1/STM32CubeIDE/plugins/com.st.stm32cube.ide.mcu.externaltools.gnu-tools-for-stm32.12.3.rel1.win32_1.0.100.202403111256/tools/bin/../lib/gcc/arm-none-eabi/12.3.1/../../../../arm-none-eabi/lib/thumb/v7e-m+fp/hard\libc_nano.a
LOAD C:/ST/STM32CubeIDE_1.15.1/STM32CubeIDE/plugins/com.st.stm32cube.ide.mcu.externaltools.gnu-tools-for-stm32.12.3.rel1.win32_1.0.100.202403111256/tools/bin/../lib/gcc/arm-none-eabi/12.3.1/../../../../arm-none-eabi/lib/thumb/v7e-m+fp/hard\libnosys.a
END GROUP
LOAD C:/ST/STM32CubeIDE_1.15.1/STM32CubeIDE/plugins/com.st.stm32cube.ide.mcu.externaltools.gnu-tools-for-stm32.12.3.rel1.win32_1.0.100.202403111256/tools/bin/../lib/gcc/arm-none-eabi/12.3.1/thumb/v7e-m+fp/hard/crtend.o
LOAD C:/ST/STM32CubeIDE_1.15.1/STM32CubeIDE/plugins/com.st.stm32cube.ide.mcu.externaltools.gnu-tools-for-stm32.12.3.rel1.win32_1.0.100.202403111256/tools/bin/../lib/gcc/arm-none-eabi/12.3.1/thumb/v7e-m+fp/hard/crtn.o
                0x20020000                        _estack = (ORIGIN (RAM) + LENGTH (RAM))
                0x00000200                        _Min_Heap_Size = 0x200
                0x00000400                        _Min_Stack_Size = 0x400

.isr_vector     0x08000000      0x198
                0x08000000                        . = ALIGN (0x4)
 *(.isr_vector)
 .isr_vector    0x08000000      0x198 ./Startup/startup_stm32f411retx.o
                0x08000000                g_pfnVectors
                0x08000198                        . = ALIGN (0x4)

.text           0x08000198      0x1c8
                0x08000198                        . = ALIGN (0x4)
 *(.text)
 .text          0x08000198       0x40 C:/ST/STM32CubeIDE_1.15.1/STM32CubeIDE/plugins/com.st.stm32cube.ide.mcu.externaltools.gnu-tools-for-stm32.12.3.rel1.win32_1.0.100.202403111256/tools/bin/../lib/gcc/arm-none-eabi/12.3.1/thumb/v7e-m+fp/hard/crtbegin.o
 *(.text*)
 .text.led_init
                0x080001d8       0x3c ./Src/gpio.o
                0x080001d8                led_init
 .text.led_toggle
                0x08000214       0x20 ./Src/gpio.o
                0x08000214                led_toggle
 .text.main     0x08000234       0x32 ./Src/main.o
                0x08000234                main
 *fill*         0x08000266        0x2 
 .text.tim2_1hz_init
                0x08000268       0x44 ./Src/tim.o
                0x08000268                tim2_1hz_init
 .text.Reset_Handler
                0x080002ac       0x50 ./Startup/startup_stm32f411retx.o
                0x080002ac                Reset_Handler
 .text.Default_Handler
                0x080002fc        0x2 ./Startup/startup_stm32f411retx.o
                0x080002fc                RTC_Alarm_IRQHandler
                0x080002fc                EXTI2_IRQHandler
                0x080002fc                DebugMon_Handler
                0x080002fc                SPI4_IRQHandler
                0x080002fc                TIM1_CC_IRQHandler
                0x080002fc                DMA2_Stream5_IRQHandler
                0x080002fc                HardFault_Handler
                0x080002fc                DMA1_Stream5_IRQHandler
                0x080002fc                SysTick_Handler
                0x080002fc                PVD_IRQHandler
                0x080002fc                SDIO_IRQHandler
                0x080002fc                TAMP_STAMP_IRQHandler
                0x080002fc                PendSV_Handler
                0x080002fc                NMI_Handler
                0x080002fc                EXTI3_IRQHandler
                0x080002fc                TIM1_UP_TIM10_IRQHandler
                0x080002fc                I2C3_ER_IRQHandler
                0x080002fc                EXTI0_IRQHandler
                0x080002fc                I2C2_EV_IRQHandler
                0x080002fc                DMA1_Stream2_IRQHandler
                0x080002fc                UsageFault_Handler
                0x080002fc                DMA2_Stream2_IRQHandler
                0x080002fc                SPI1_IRQHandler
                0x080002fc                TIM1_BRK_TIM9_IRQHandler
                0x080002fc                DMA2_Stream3_IRQHandler
                0x080002fc                USART6_IRQHandler
                0x080002fc                DMA2_Stream0_IRQHandler
                0x080002fc                TIM4_IRQHandler
                0x080002fc                I2C1_EV_IRQHandler
                0x080002fc                DMA1_Stream6_IRQHandler
                0x080002fc                DMA1_Stream1_IRQHandler
                0x080002fc                TIM3_IRQHandler
                0x080002fc                RCC_IRQHandler
                0x080002fc                Default_Handler
                0x080002fc                EXTI15_10_IRQHandler
                0x080002fc                ADC_IRQHandler
                0x080002fc                DMA1_Stream7_IRQHandler
                0x080002fc                SPI5_IRQHandler
                0x080002fc                TIM5_IRQHandler
                0x080002fc                DMA2_Stream7_IRQHandler
                0x080002fc                I2C3_EV_IRQHandler
                0x080002fc                EXTI9_5_IRQHandler
                0x080002fc                RTC_WKUP_IRQHandler
                0x080002fc                SPI2_IRQHandler
                0x080002fc                MemManage_Handler
                0x080002fc                DMA1_Stream0_IRQHandler
                0x080002fc                SVC_Handler
                0x080002fc                EXTI4_IRQHandler
                0x080002fc                WWDG_IRQHandler
                0x080002fc                TIM2_IRQHandler
                0x080002fc                OTG_FS_WKUP_IRQHandler
                0x080002fc                TIM1_TRG_COM_TIM11_IRQHandler
                0x080002fc                EXTI1_IRQHandler
                0x080002fc                USART2_IRQHandler
                0x080002fc                I2C2_ER_IRQHandler
                0x080002fc                DMA2_Stream1_IRQHandler
                0x080002fc                FLASH_IRQHandler
                0x080002fc                DMA2_Stream4_IRQHandler
                0x080002fc                BusFault_Handler
                0x080002fc                USART1_IRQHandler
                0x080002fc                OTG_FS_IRQHandler
                0x080002fc                SPI3_IRQHandler
                0x080002fc                DMA1_Stream4_IRQHandler
                0x080002fc                I2C1_ER_IRQHandler
                0x080002fc                DMA2_Stream6_IRQHandler
                0x080002fc                DMA1_Stream3_IRQHandler
 *fill*         0x080002fe        0x2 
 .text.__libc_init_array
                0x08000300       0x48 C:/ST/STM32CubeIDE_1.15.1/STM32CubeIDE/plugins/com.st.stm32cube.ide.mcu.externaltools.gnu-tools-for-stm32.12.3.rel1.win32_1.0.100.202403111256/tools/bin/../lib/gcc/arm-none-eabi/12.3.1/../../../../arm-none-eabi/lib/thumb/v7e-m+fp/hard\libc_nano.a(libc_a-init.o)
                0x08000300                __libc_init_array
 *(.glue_7)
 .glue_7        0x08000348        0x0 linker stubs
 *(.glue_7t)
 .glue_7t       0x08000348        0x0 linker stubs
 *(.eh_frame)
 .eh_frame      0x08000348        0x0 C:/ST/STM32CubeIDE_1.15.1/STM32CubeIDE/plugins/com.st.stm32cube.ide.mcu.externaltools.gnu-tools-for-stm32.12.3.rel1.win32_1.0.100.202403111256/tools/bin/../lib/gcc/arm-none-eabi/12.3.1/thumb/v7e-m+fp/hard/crtbegin.o
 *(.init)
 .init          0x08000348        0x4 C:/ST/STM32CubeIDE_1.15.1/STM32CubeIDE/plugins/com.st.stm32cube.ide.mcu.externaltools.gnu-tools-for-stm32.12.3.rel1.win32_1.0.100.202403111256/tools/bin/../lib/gcc/arm-none-eabi/12.3.1/thumb/v7e-m+fp/hard/crti.o
                0x08000348                _init
 .init          0x0800034c        0x8 C:/ST/STM32CubeIDE_1.15.1/STM32CubeIDE/plugins/com.st.stm32cube.ide.mcu.externaltools.gnu-tools-for-stm32.12.3.rel1.win32_1.0.100.202403111256/tools/bin/../lib/gcc/arm-none-eabi/12.3.1/thumb/v7e-m+fp/hard/crtn.o
 *(.fini)
 .fini          0x08000354        0x4 C:/ST/STM32CubeIDE_1.15.1/STM32CubeIDE/plugins/com.st.stm32cube.ide.mcu.externaltools.gnu-tools-for-stm32.12.3.rel1.win32_1.0.100.202403111256/tools/bin/../lib/gcc/arm-none-eabi/12.3.1/thumb/v7e-m+fp/hard/crti.o
                0x08000354                _fini
 .fini          0x08000358        0x8 C:/ST/STM32CubeIDE_1.15.1/STM32CubeIDE/plugins/com.st.stm32cube.ide.mcu.externaltools.gnu-tools-for-stm32.12.3.rel1.win32_1.0.100.202403111256/tools/bin/../lib/gcc/arm-none-eabi/12.3.1/thumb/v7e-m+fp/hard/crtn.o
                0x08000360                        . = ALIGN (0x4)
                0x08000360                        _etext = .

.vfp11_veneer   0x08000360        0x0
 .vfp11_veneer  0x08000360        0x0 linker stubs

.v4_bx          0x08000360        0x0
 .v4_bx         0x08000360        0x0 linker stubs

.iplt           0x08000360        0x0
 .iplt          0x08000360        0x0 C:/ST/STM32CubeIDE_1.15.1/STM32CubeIDE/plugins/com.st.stm32cube.ide.mcu.externaltools.gnu-tools-for-stm32.12.3.rel1.win32_1.0.100.202403111256/tools/bin/../lib/gcc/arm-none-eabi/12.3.1/thumb/v7e-m+fp/hard/crtbegin.o

.rel.dyn        0x08000360        0x0
 .rel.iplt      0x08000360        0x0 C:/ST/STM32CubeIDE_1.15.1/STM32CubeIDE/plugins/com.st.stm32cube.ide.mcu.externaltools.gnu-tools-for-stm32.12.3.rel1.win32_1.0.100.202403111256/tools/bin/../lib/gcc/arm-none-eabi/12.3.1/thumb/v7e-m+fp/hard/crtbegin.o

.rodata         0x08000360        0x0
                0x08000360                        . = ALIGN (0x4)
 *(.rodata)
 *(.rodata*)
                0x08000360                        . = ALIGN (0x4)

.ARM.extab      0x08000360        0x0
                0x08000360                        . = ALIGN (0x4)
 *(.ARM.extab* .gnu.linkonce.armextab.*)
                0x08000360                        . = ALIGN (0x4)

.ARM            0x08000360        0x0
                0x08000360                        . = ALIGN (0x4)
                0x08000360                        __exidx_start = .
 *(.ARM.exidx*)
                0x08000360                        __exidx_end = .
                0x08000360                        . = ALIGN (0x4)

.preinit_array  0x08000360        0x0
                0x08000360                        . = ALIGN (0x4)
                0x08000360                        PROVIDE (__preinit_array_start = .)
 *(.preinit_array*)
                0x08000360                        PROVIDE (__preinit_array_end = .)
                0x08000360                        . = ALIGN (0x4)

.init_array     0x08000360        0x4
                0x08000360                        . = ALIGN (0x4)
                0x08000360                        PROVIDE (__init_array_start = .)
 *(SORT_BY_NAME(.init_array.*))
 *(.init_array*)
 .init_array    0x08000360        0x4 C:/ST/STM32CubeIDE_1.15.1/STM32CubeIDE/plugins/com.st.stm32cube.ide.mcu.externaltools.gnu-tools-for-stm32.12.3.rel1.win32_1.0.100.202403111256/tools/bin/../lib/gcc/arm-none-eabi/12.3.1/thumb/v7e-m+fp/hard/crtbegin.o
                0x08000364                        PROVIDE (__init_array_end = .)
                0x08000364                        . = ALIGN (0x4)

.fini_array     0x08000364        0x4
                0x08000364                        . = ALIGN (0x4)
                [!provide]                        PROVIDE (__fini_array_start = .)
 *(SORT_BY_NAME(.fini_array.*))
 *(.fini_array*)
 .fini_array    0x08000364        0x4 C:/ST/STM32CubeIDE_1.15.1/STM32CubeIDE/plugins/com.st.stm32cube.ide.mcu.externaltools.gnu-tools-for-stm32.12.3.rel1.win32_1.0.100.202403111256/tools/bin/../lib/gcc/arm-none-eabi/12.3.1/thumb/v7e-m+fp/hard/crtbegin.o
                [!provide]                        PROVIDE (__fini_array_end = .)
                0x08000368                        . = ALIGN (0x4)
                0x08000368                        _sidata = LOADADDR (.data)

.data           0x20000000        0x0 load address 0x08000368
                0x20000000                        . = ALIGN (0x4)
                0x20000000                        _sdata = .
 *(.data)
 *(.data*)
 *(.RamFunc)
 *(.RamFunc*)
                0x20000000                        . = ALIGN (0x4)
                0x20000000                        _edata = .

.igot.plt       0x20000000        0x0 load address 0x08000368
 .igot.plt      0x20000000        0x0 C:/ST/STM32CubeIDE_1.15.1/STM32CubeIDE/plugins/com.st.stm32cube.ide.mcu.externaltools.gnu-tools-for-stm32.12.3.rel1.win32_1.0.100.202403111256/tools/bin/../lib/gcc/arm-none-eabi/12.3.1/thumb/v7e-m+fp/hard/crtbegin.o
                0x20000000                        . = ALIGN (0x4)

.bss            0x20000000       0x1c load address 0x08000368
                0x20000000                        _sbss = .
                0x20000000                        __bss_start__ = _sbss
 *(.bss)
 .bss           0x20000000       0x1c C:/ST/STM32CubeIDE_1.15.1/STM32CubeIDE/plugins/com.st.stm32cube.ide.mcu.externaltools.gnu-tools-for-stm32.12.3.rel1.win32_1.0.100.202403111256/tools/bin/../lib/gcc/arm-none-eabi/12.3.1/thumb/v7e-m+fp/hard/crtbegin.o
 *(.bss*)
 *(COMMON)
                0x2000001c                        . = ALIGN (0x4)
                0x2000001c                        _ebss = .
                0x2000001c                        __bss_end__ = _ebss

._user_heap_stack
                0x2000001c      0x604 load address 0x08000368
                0x20000020                        . = ALIGN (0x8)
 *fill*         0x2000001c        0x4 
                [!provide]                        PROVIDE (end = .)
                0x20000020                        PROVIDE (_end = .)
                0x20000220                        . = (. + _Min_Heap_Size)
 *fill*         0x20000020      0x200 
                0x20000620                        . = (. + _Min_Stack_Size)
 *fill*         0x20000220      0x400 
                0x20000620                        . = ALIGN (0x8)

/DISCARD/
 libc.a(*)
 libm.a(*)
 libgcc.a(*)

.ARM.attributes
                0x00000000       0x30
 *(.ARM.attributes)
 .ARM.attributes
                0x00000000       0x22 C:/ST/STM32CubeIDE_1.15.1/STM32CubeIDE/plugins/com.st.stm32cube.ide.mcu.externaltools.gnu-tools-for-stm32.12.3.rel1.win32_1.0.100.202403111256/tools/bin/../lib/gcc/arm-none-eabi/12.3.1/thumb/v7e-m+fp/hard/crti.o
 .ARM.attributes
                0x00000022       0x34 C:/ST/STM32CubeIDE_1.15.1/STM32CubeIDE/plugins/com.st.stm32cube.ide.mcu.externaltools.gnu-tools-for-stm32.12.3.rel1.win32_1.0.100.202403111256/tools/bin/../lib/gcc/arm-none-eabi/12.3.1/thumb/v7e-m+fp/hard/crtbegin.o
 .ARM.attributes
                0x00000056       0x34 ./Src/gpio.o
 .ARM.attributes
                0x0000008a       0x34 ./Src/main.o
 .ARM.attributes
                0x000000be       0x34 ./Src/tim.o
 .ARM.attributes
                0x000000f2       0x21 ./Startup/startup_stm32f411retx.o
 .ARM.attributes
                0x00000113       0x34 C:/ST/STM32CubeIDE_1.15.1/STM32CubeIDE/plugins/com.st.stm32cube.ide.mcu.externaltools.gnu-tools-for-stm32.12.3.rel1.win32_1.0.100.202403111256/tools/bin/../lib/gcc/arm-none-eabi/12.3.1/../../../../arm-none-eabi/lib/thumb/v7e-m+fp/hard\libc_nano.a(libc_a-init.o)
 .ARM.attributes
                0x00000147       0x22 C:/ST/STM32CubeIDE_1.15.1/STM32CubeIDE/plugins/com.st.stm32cube.ide.mcu.externaltools.gnu-tools-for-stm32.12.3.rel1.win32_1.0.100.202403111256/tools/bin/../lib/gcc/arm-none-eabi/12.3.1/thumb/v7e-m+fp/hard/crtn.o
OUTPUT(Chapter9-GTIM.elf elf32-littlearm)
LOAD linker stubs
LOAD C:/ST/STM32CubeIDE_1.15.1/STM32CubeIDE/plugins/com.st.stm32cube.ide.mcu.externaltools.gnu-tools-for-stm32.12.3.rel1.win32_1.0.100.202403111256/tools/bin/../lib/gcc/arm-none-eabi/12.3.1/../../../../arm-none-eabi/lib/thumb/v7e-m+fp/hard\libc.a
LOAD C:/ST/STM32CubeIDE_1.15.1/STM32CubeIDE/plugins/com.st.stm32cube.ide.mcu.externaltools.gnu-tools-for-stm32.12.3.rel1.win32_1.0.100.202403111256/tools/bin/../lib/gcc/arm-none-eabi/12.3.1/../../../../arm-none-eabi/lib/thumb/v7e-m+fp/hard\libm.a
LOAD C:/ST/STM32CubeIDE_1.15.1/STM32CubeIDE/plugins/com.st.stm32cube.ide.mcu.externaltools.gnu-tools-for-stm32.12.3.rel1.win32_1.0.100.202403111256/tools/bin/../lib/gcc/arm-none-eabi/12.3.1/thumb/v7e-m+fp/hard\libgcc.a

.debug_info     0x00000000      0x89f
 .debug_info    0x00000000      0x343 ./Src/gpio.o
 .debug_info    0x00000343      0x1cb ./Src/main.o
 .debug_info    0x0000050e      0x361 ./Src/tim.o
 .debug_info    0x0000086f       0x30 ./Startup/startup_stm32f411retx.o

.debug_abbrev   0x00000000      0x260
 .debug_abbrev  0x00000000       0xd2 ./Src/gpio.o
 .debug_abbrev  0x000000d2       0xb5 ./Src/main.o
 .debug_abbrev  0x00000187       0xb5 ./Src/tim.o
 .debug_abbrev  0x0000023c       0x24 ./Startup/startup_stm32f411retx.o

.debug_aranges  0x00000000       0xb0
 .debug_aranges
                0x00000000       0x48 ./Src/gpio.o
 .debug_aranges
                0x00000048       0x20 ./Src/main.o
 .debug_aranges
                0x00000068       0x20 ./Src/tim.o
 .debug_aranges
                0x00000088       0x28 ./Startup/startup_stm32f411retx.o

.debug_rnglists
                0x00000000       0x70
 .debug_rnglists
                0x00000000       0x31 ./Src/gpio.o
 .debug_rnglists
                0x00000031       0x13 ./Src/main.o
 .debug_rnglists
                0x00000044       0x13 ./Src/tim.o
 .debug_rnglists
                0x00000057       0x19 ./Startup/startup_stm32f411retx.o

.debug_macro    0x00000000     0xde8a
 .debug_macro   0x00000000      0x105 ./Src/gpio.o
 .debug_macro   0x00000105      0xac6 ./Src/gpio.o
 .debug_macro   0x00000bcb       0x22 ./Src/gpio.o
 .debug_macro   0x00000bed       0x28 ./Src/gpio.o
 .debug_macro   0x00000c15       0x28 ./Src/gpio.o
 .debug_macro   0x00000c3d       0x22 ./Src/gpio.o
 .debug_macro   0x00000c5f       0x8e ./Src/gpio.o
 .debug_macro   0x00000ced       0x51 ./Src/gpio.o
 .debug_macro   0x00000d3e      0x103 ./Src/gpio.o
 .debug_macro   0x00000e41       0x6a ./Src/gpio.o
 .debug_macro   0x00000eab      0x1df ./Src/gpio.o
 .debug_macro   0x0000108a       0x1c ./Src/gpio.o
 .debug_macro   0x000010a6       0x22 ./Src/gpio.o
 .debug_macro   0x000010c8       0xd9 ./Src/gpio.o
 .debug_macro   0x000011a1     0x102d ./Src/gpio.o
 .debug_macro   0x000021ce      0x11f ./Src/gpio.o
 .debug_macro   0x000022ed     0xb953 ./Src/gpio.o
 .debug_macro   0x0000dc40       0x6d ./Src/gpio.o
 .debug_macro   0x0000dcad       0xea ./Src/main.o
 .debug_macro   0x0000dd97       0x10 ./Src/main.o
 .debug_macro   0x0000dda7       0xe3 ./Src/tim.o

.debug_line     0x00000000     0x118f
 .debug_line    0x00000000      0x60d ./Src/gpio.o
 .debug_line    0x0000060d      0x594 ./Src/main.o
 .debug_line    0x00000ba1      0x573 ./Src/tim.o
 .debug_line    0x00001114       0x7b ./Startup/startup_stm32f411retx.o

.debug_str      0x00000000    0x4fca1
 .debug_str     0x00000000    0x4fbb9 ./Src/gpio.o
                              0x4fd28 (size before relaxing)
 .debug_str     0x0004fbb9       0x7d ./Src/main.o
                              0x4fbc6 (size before relaxing)
 .debug_str     0x0004fc36       0x2c ./Src/tim.o
                              0x4fc8a (size before relaxing)
 .debug_str     0x0004fc62       0x3f ./Startup/startup_stm32f411retx.o
                                 0x7b (size before relaxing)

.comment        0x00000000       0x43
 .comment       0x00000000       0x43 ./Src/gpio.o
                                 0x44 (size before relaxing)
 .comment       0x00000043       0x44 ./Src/main.o
 .comment       0x00000043       0x44 ./Src/tim.o

.debug_frame    0x00000000      0x158
 .debug_frame   0x00000000       0xd0 ./Src/gpio.o
 .debug_frame   0x000000d0       0x2c ./Src/main.o
 .debug_frame   0x000000fc       0x30 ./Src/tim.o
 .debug_frame   0x0000012c       0x2c C:/ST/STM32CubeIDE_1.15.1/STM32CubeIDE/plugins/com.st.stm32cube.ide.mcu.externaltools.gnu-tools-for-stm32.12.3.rel1.win32_1.0.100.202403111256/tools/bin/../lib/gcc/arm-none-eabi/12.3.1/../../../../arm-none-eabi/lib/thumb/v7e-m+fp/hard\libc_nano.a(libc_a-init.o)

.debug_line_str
                0x00000000       0x5f
 .debug_line_str
                0x00000000       0x5f ./Startup/startup_stm32f411retx.o
